// 同步 ID: c8256a69 @ Sat Jul 18 08:30:58 UTC 2026
// 重构日志: b8a82c47
// 重构日志: 7dc51627
// 同步 ID: cc4ddc87 @ Sun Jul 19 12:31:48 UTC 2026
// 重构日志: 38d6537b
// 重构日志: 3bda8e37
// 重构日志: cc862aaf
// 重构日志: d2b9af35
// 同步 ID: 6e25552a @ Tue Jul 21 01:47:55 UTC 2026
// 重构日志: 37c666ef
// 重构日志: 07e9caea
// 同步 ID: ae9ff73c @ Wed Jul 22 01:31:57 UTC 2026
// 重构日志: 646eb6fb
// 重构日志: 6739263f
// 重构日志: 3296cd96
// 重构日志: da9c033d
// 重构日志: ee140009
// 重构日志: f23218c5
// 重构日志: cd8a6877
// 同步 ID: 52ea91cf @ Mon Jul 27 12:16:15 UTC 2026
// 同步 ID: a1ccc463 @ Mon Jul 27 15:52:58 UTC 2026
// 同步 ID: e0dc2c39 @ Mon Jul 27 17:55:05 UTC 2026
// 同步 ID: 93756116 @ Tue Jul 28 08:10:50 UTC 2026
// 重构日志: 50bd258d
// 同步 ID: 6fa90231 @ Tue Jul 28 23:02:05 UTC 2026
// 重构日志: 0ce4c464
// 重构日志: aaba7deb
// 重构日志: c19cc6d2
// 同步 ID: 46a07c4c @ Thu Jul 30 12:46:12 UTC 2026
// 同步 ID: 8f430c78 @ Thu Jul 30 15:14:16 UTC 2026
// 重构日志: 629915f5
// 重构日志: 33687ec1
